To honour the JVM settings for this build a single-use Daemon process will be forked. For more on this, please refer to https://docs.gradle.org/9.5.1/userguide/gradle_daemon.html#sec:disabling_the_daemon in the Gradle documentation.
Daemon will be stopped at the end of the build 
Type-safe project accessors is an incubating feature.

> Configure project :app
WARNING: The option setting 'android.r8.maxWorkers=4' is experimental.
The current default is '1'.

> Task :app:preBuild UP-TO-DATE
> Task :app:preReleaseBuild UP-TO-DATE
> Task :app:mergeReleaseJniLibFolders UP-TO-DATE
> Task :app:mergeReleaseNativeLibs UP-TO-DATE
> Task :app:stripReleaseDebugSymbols UP-TO-DATE
> Task :app:extractReleaseNativeSymbolTables UP-TO-DATE
> Task :app:mergeReleaseNativeDebugMetadata UP-TO-DATE
> Task :app:checkReleaseDuplicateClasses UP-TO-DATE
> Task :app:compileReleaseAidl UP-TO-DATE
> Task :app:generateReleaseBuildConfig UP-TO-DATE
> Task :app:extractReleaseSupportedLocales UP-TO-DATE
> Task :app:mapReleaseSourceSetPaths UP-TO-DATE
> Task :app:generateReleaseLocaleConfig UP-TO-DATE
> Task :app:generateReleaseResources UP-TO-DATE
> Task :app:packageReleaseResources UP-TO-DATE
> Task :app:processReleaseNavigationResources UP-TO-DATE
> Task :app:parseReleaseLocalResources UP-TO-DATE
> Task :app:generateReleaseRFile UP-TO-DATE
> Task :app:javaPreCompileRelease UP-TO-DATE
> Task :app:mergeReleaseArtProfile UP-TO-DATE
> Task :app:checkReleaseAarMetadata UP-TO-DATE
> Task :app:compileReleaseNavigationResources UP-TO-DATE
> Task :app:mergeReleaseResources UP-TO-DATE
> Task :app:createReleaseCompatibleScreenManifests UP-TO-DATE
> Task :app:extractDeepLinksRelease UP-TO-DATE
> Task :app:processReleaseMainManifest UP-TO-DATE
> Task :app:processReleaseManifest UP-TO-DATE
> Task :app:processReleaseManifestForPackage UP-TO-DATE
> Task :app:processReleaseResources UP-TO-DATE
> Task :app:extractProguardFiles UP-TO-DATE
> Task :app:mergeReleaseStartupProfile UP-TO-DATE
> Task :app:generateReleaseAssets UP-TO-DATE
> Task :app:mergeReleaseAssets UP-TO-DATE
> Task :app:compressReleaseAssets UP-TO-DATE
> Task :app:validateSigningRelease UP-TO-DATE
> Task :app:writeReleaseAppMetadata UP-TO-DATE
> Task :app:writeReleaseSigningConfigVersions UP-TO-DATE
> Task :app:compileReleaseKotlin
gradlew.bat : e: file:///D:/FollKernel/KernelSU/manager/app/src/main/java/com/mikokernel/migrate/MigrateRepository.kt:1
0:30 Unresolved reference 'json'.
At line:7 char:1
+ & .\gradlew.bat assembleRelease --no-daemon 2>&1 > D:\FollKernel\buil ...
+ ~~~~~~~~~~~~~~~~~~~~~~~~~~~~~~~~~~~~~~~~~~~~~~~~~~~~~~~~~~~~~~~~~~~~~
    + CategoryInfo          : NotSpecified: (e: file:///D:/F...ference 'json'.:String) [], RemoteException
    + FullyQualifiedErrorId : NativeCommandError
 
e: file:///D:/FollKernel/KernelSU/manager/app/src/main/java/com/mikokernel/migrate/MigrateRepository.kt:19:24 Unresolve
d reference 'Json'.
e: file:///D:/FollKernel/KernelSU/manager/app/src/main/java/com/mikokernel/migrate/MigrateRepository.kt:19:31 Unresolve
d reference 'ignoreUnknownKeys'.
e: file:///D:/FollKernel/KernelSU/manager/app/src/main/java/com/mikokernel/migrate/MigrateRepository.kt:19:57 Unresolve
d reference 'prettyPrint'.
e: file:///D:/FollKernel/KernelSU/manager/app/src/main/java/com/mikokernel/migrate/MigrateScreen.kt:35:54 Unresolved re
ference 'popBackStack'.
e: file:///D:/FollKernel/KernelSU/manager/app/src/main/java/com/mikokernel/ui/MainActivity.kt:197:45 Unresolved referen
ce 'Migrate'.
e: file:///D:/FollKernel/KernelSU/manager/app/src/main/java/com/mikokernel/ui/MainActivity.kt:197:54 Argument type mism
atch: actual type is 'ComposableFunction1<uninferred K (of fun <K : NavKey> entry), Unit>', but 'ComposableFunction1<un
inferred K (of fun <K : NavKey> entry), Unit>' was expected.
e: file:///D:/FollKernel/KernelSU/manager/app/src/main/java/com/mikokernel/ui/MainActivity.kt:197:54 Cannot infer type 
for type parameter 'K'. Specify it explicitly.
e: file:///D:/FollKernel/KernelSU/manager/app/src/main/java/com/mikokernel/ui/util/KsuCli.kt:823:56 Syntax error: Expec
ting '"'.
e: file:///D:/FollKernel/KernelSU/manager/app/src/main/java/com/mikokernel/ui/util/KsuCli.kt:823:56 Syntax error: Expec
ting ')'.

> Task :app:compileReleaseKotlin FAILED

[Incubating] Problems report is available at: file:///D:/FollKernel/KernelSU/manager/build/reports/problems/problems-report.html

FAILURE: Build failed with an exception.

* What went wrong:
Execution failed for task ':app:compileReleaseKotlin' (registered by plugin 'com.android.internal.application').
> A failure occurred while executing org.jetbrains.kotlin.compilerRunner.btapi.BuildToolsApiCompilationWork
   > Compilation error. See log for more details

* Try:
> Run with --stacktrace option to get the stack trace.
> Run with --info or --debug option to get more log output.
> Run with --scan to get full insights from a Build Scan (powered by Develocity).
> Get more help at https://help.gradle.org.

BUILD FAILED in 1m 6s
35 actionable tasks: 1 executed, 34 up-to-date
